// Jest Snapshot v1, https://goo.gl/fbAQLP

exports[`[Text] Renders default snapshot 1`] = `
<div>
  <p
    class="sc-bdfBwQ fRKeIP"
  >
    text example
  </p>
</div>
`;
