// Jest Snapshot v1, https://goo.gl/fbAQLP

exports[`[App] Renders App 1`] = `
<div>
  <div
    class="App"
  >
    <header
      class="App-header"
    >
      <p>
        hola
      </p>
    </header>
  </div>
</div>
`;
