// Jest Snapshot v1, https://goo.gl/fbAQLP

exports[`[ProductDetail] Renders default snapshot 1`] = `
<div>
  <div
    class="sc-bdfBwQ iBvJIy"
    width="100%"
  >
    <div
      class="ant-row"
      style="width: 100%;"
    >
      <div
        class="ant-col ant-col-2"
      />
      <div
        class="ant-col ant-col-20"
        style="background-color: white;"
      >
        <div
          class="sc-bdfBwQ hONsNi"
        >
          <div
            class="sc-bdfBwQ fOdiPt"
            width="70%"
          >
            <img
              alt="ItemImg"
              class="sc-hKgILt cMdvAc"
              src="url"
            />
            <h4
              class="sc-gsTCUz dWZGgs"
              color="GRAY_20"
              font-size="28px"
            >
              Descripci√≥n del producto
            </h4>
            <p
              class="sc-gsTCUz eugcRc"
              color="GRAY_60"
              font-size="16px"
            >
              description_1
            </p>
          </div>
          <div
            class="sc-bdfBwQ eezWHV"
            width="30%"
          >
            <div
              class="sc-bdfBwQ itqDgf"
            >
              <span
                class="sc-gsTCUz hPYUwp"
                color="GRAY_40"
              >
                new
                 - 234 vendidos
              </span>
            </div>
            <h2
              class="sc-gsTCUz HgnEE"
              color="GRAY_20"
              font-size="24px"
            >
              title_1
            </h2>
            <p
              class="sc-gsTCUz iTjGZM"
              color="GRAY_20"
              font-size="46px"
            >
              $ 
              price_1
            </p>
            <button
              class="sc-dlfnbm jxOxHE"
            >
              Comprar
            </button>
          </div>
        </div>
      </div>
    </div>
  </div>
</div>
`;
